// Jest Snapshot v1, https://goo.gl/fbAQLP

exports[`<Card /> Should render correctly 1`] = `
<img
  alt="Test Card"
  className="card"
  src="http://someImage.jpeg"
/>
`;
